[34.82.80.202/index.html]
[backblue.gif]
[fade.gif]
[index.html]
[34.82.80.202/wp-includes/css/dist/block-library/style.min7661.css]
[34.82.80.202/wp-content/plugins/booster-pack-for-divi/styles/style.min8a54.css]
[34.82.80.202/wp-content/themes/Divi/style2827.css]
[34.82.80.202/wp-includes/css/dashicons.min7661.css]
[34.82.80.202/wp-includes/js/jquery/jquery-migrate.min330a.js]
[34.82.80.202/wp-content/themes/Divi/core/admin/js/es6-promise.auto.min7661.js]
[34.82.80.202/wp-content/themes/Divi/core/admin/js/recaptcha7661.js]
[34.82.80.202/wp-includes/js/jquery/jquery4a5f.js]
[34.82.80.202/feed/index.html]
[34.82.80.202/comments/feed/index.html]
[34.82.80.202/xmlrpc0db0.php]
[34.82.80.202/wp-json/index.html]
[34.82.80.202/wp-json/oembed/1.0/embede112.json]
[34.82.80.202/wp-json/oembed/1.0/embedd69e]
[34.82.80.202/wp-content/et-cache/213422/et-core-unified-213422-15922104744863.min.css]
[34.82.80.202/wp-content/themes/Divi/images/logo.png]
[34.82.80.202/sample-page/index.html]
[34.82.80.202/category/uncategorized/index.html]
[nates.design/wp-content/uploads/2020/06/0.f.delayed]
[nates.design/wp-content/uploads/2020/06/4904603_640x640-1.jpg]
[nates.design/wp-content/uploads/2020/06/iywnb1smv9lb9rpkitu6.png]
[nates.design/wp-content/uploads/2020/06/ade0071f675fcb732b092f755124d5ca.png]
[nates.design/wp-content/uploads/2020/06/0-3.jpg]
[nates.design/wp-content/uploads/2020/06/0-4.jpg]
[nates.design/wp-content/uploads/2020/06/img08.png]
[34.82.80.202/wp-content/plugins/booster-pack-for-divi/scripts/frontend-bundle.min8a54.js]
[34.82.80.202/wp-content/themes/Divi/core/admin/js/common2827.js]
[34.82.80.202/bitnami/images/close.png]
[34.82.80.202/bitnami/index.html]
[34.82.80.202/bitnami/images/corner-logo.png]
[34.82.80.202/index.html]
[34.82.80.202/xmlrpc.php]
[34.82.80.202/wp-includes/css/dist/block-library/style.min7661.css]
[34.82.80.202/bitnami/banner.js]
[34.82.80.202/wp-content/themes/Divi/core/admin/fonts/modules.ttf]
[34.82.80.202/wp-content/themes/Divi/core/admin/fonts/modules.eot]
[34.82.80.202/wp-content/themes/Divi/core/admin/fonts/modules.woff]
[34.82.80.202/wp-content/themes/Divi/js/custom.unified2827.js]
[34.82.80.202/wp-content/themes/Divi/core/admin/fonts/modulesd41d.eot]
[34.82.80.202/wp-content/themes/Divi/core/admin/fonts/modules.svg]
[34.82.80.202/wp-content/themes/Divi/includes/builder/styles/images/subscribe-loader.gif]
[34.82.80.202/wp-content/themes/Divi/includes/builder/styles/images/preloader.gif]
[34.82.80.202/wp-content/themes/Divi/epanel/shortcodes/images/shortcodes-sprite.png]
[34.82.80.202/wp-content/themes/Divi/style2827.css]
[34.82.80.202/wp-content/plugins/booster-pack-for-divi/styles/style.min8a54.css]
[34.82.80.202/wp-includes/fonts/dashicons2ce6.ttf]
[34.82.80.202/wp-includes/css/dashicons.min7661.css]
[34.82.80.202/wp-includes/fonts/dashicons2ce6.eot]
[nates.design/wp-content/uploads/2020/06/download.2d.delayed]
[34.82.80.202/wp-content/et-cache/213422/et-core-unified-213422-15922104744863.min.css]
[34.82.80.202/wp-json/oembed/1.0/embed1c9a.json]
[34.82.80.202/sample-page/feed/index.html]
[34.82.80.202/wp-json/oembed/1.0/embed7c14]
[34.82.80.202/sample-page/index.html]
[34.82.80.202/category/uncategorized/index.html]
[nates.design/wp-content/uploads/2020/06/0.html]
[34.82.80.202/wp-content/et-cache/global/et-divi-customizer-global-15922105280999.min.css]
[nates.design/wp-content/uploads/2020/06/4904603_640x640-1.html]
[nates.design/wp-content/uploads/2020/06/iywnb1smv9lb9rpkitu6.html]
[nates.design/wp-content/uploads/2020/06/ade0071f675fcb732b092f755124d5ca.html]
[nates.design/wp-content/uploads/2020/06/0-3.html]
[nates.design/wp-content/uploads/2020/06/0-4.html]
[nates.design/wp-content/uploads/2020/06/img08.html]
[34.82.80.202/wordpress/wp-admin/index.html]
[34.82.80.202/bitnami/bitnami.css]
[34.82.80.202/bitnami/logo.png]
[34.82.80.202/2020/03/26/hello-world/index.html]
[34.82.80.202/phpmyadmin]
[34.82.80.202/bitnami/index.html]
[34.82.80.202/wp-content/themes/Divi/core/admin/fonts/modules.svg]
[nates.design/wp-content/uploads/2020/06/download.html]
[34.82.80.202/index905b.html]
[34.82.80.202/wp-content/et-cache/global/et-divi-customizer-global-15922105280999.min.css]
[34.82.80.202/wordpress/wp-admin/index.html]
[34.82.80.202/category/uncategorized/feed/index.html]
[34.82.80.202/wp-json/oembed/1.0/embed82ca.json]
[34.82.80.202/2020/03/26/hello-world/feed/index.html]
[34.82.80.202/2020/03/26/hello-world/index.html]
[34.82.80.202/wp-json/oembed/1.0/embed2891]
[34.82.80.202/bitnami/css/normalize.36.delayed]
[34.82.80.202/bitnami/bitnami.css]
[34.82.80.202/2020/03/26/hello-world/index6809.html]
[34.82.80.202/wp-admin/index.html]
[34.82.80.202/phpmyadmin.html]
[34.82.80.202/indexcff1.html]
[34.82.80.202/wp-login595d.html]
[34.82.80.202/2020/03/26/hello-world/amp/index.html]
[cdn.ampproject.org/v0.js]
[34.82.80.202/2020/03/26/hello-world/amp/index.html]
[34.82.80.202/2020/03/26/hello-world/index6809.html]
[34.82.80.202/bitnami/css/normalize.html]
[34.82.80.202/wp-content/et-cache/1/et-core-unified-1-15922130188929.min.css]
[34.82.80.202/wp-includes/css/buttons.min7661.css]
[34.82.80.202/wp-admin/css/forms.min7661.css]
[34.82.80.202/wp-admin/css/l10n.min7661.css]
[34.82.80.202/wp-admin/css/login.min7661.css]
[34.82.80.202/wp-loginc2b6.html]
[34.82.80.202/wp-includes/js/zxcvbn-async.min5152.js]
[34.82.80.202/wp-admin/js/password-strength-meter.min7661.js]
[34.82.80.202/wp-includes/js/wp-util.min7661.js]
[34.82.80.202/wp-includes/js/underscore.min4511.js]
[34.82.80.202/wp-login595d.html]
[34.82.80.202/wp-admin/js/user-profile.min7661.js]
[34.82.80.202/wp-content/et-cache/1/et-core-unified-1-15922130188929.min.css]
[34.82.80.202/wp-includes/css/buttons.min7661.css]
[34.82.80.202/wp-admin/images/loading.gif]
[34.82.80.202/wp-admin/css/forms.min7661.css]
[34.82.80.202/wp-admin/css/l10n.min7661.css]
[34.82.80.202/wp-admin/images/w-logo-blue7a53.png]
[34.82.80.202/wp-admin/css/login.min7661.css]
[34.82.80.202/wp-admin/images/wordpress-logo7d6b.svg]
[34.82.80.202/wp-loginc2b6.html]
[34.82.80.202/wp-admin/images/wordpress-logo7d6b.svg]
[34.82.80.202/wp-login.html]
[34.82.80.202/wp-login.html]
